MAP
  NAME World
  STATUS ON
  IMAGECOLOR 255 255 255
  SYMBOLSET "/var/www/mapper/config/symbols.sym"
  FONTSET "/var/www/mapper/config/fonts.list"

OUTPUTFORMAT
  NAME png
  DRIVER "GD/PNG"
  MIMETYPE "image/png"
  IMAGEMODE RGB
  EXTENSION "png"
  FORMATOPTION "INTERLACE=OFF"
END

OUTPUTFORMAT
  NAME jpg
  DRIVER "GD/JPEG"
  MIMETYPE "image/jpeg"
  IMAGEMODE RGB
  EXTENSION "jpg"
END

OUTPUTFORMAT
  NAME tif
  DRIVER "GDAL/GTiff"
  MIMETYPE "image/tiff"
  IMAGEMODE RGB
  EXTENSION "tif"
END

OUTPUTFORMAT
  NAME svg
  DRIVER svg
  MIMETYPE "image/svg+xml"
  FORMATOPTION "COMPRESSED_OUTPUT=FALSE"
  FORMATOPTION "FULL_RESOLUTION=TRUE"
END

OUTPUTFORMAT
    NAME pnga
    DRIVER AGG/PNG
    IMAGEMODE RGB
    FORMATOPTION "INTERLACE=OFF"
END

OUTPUTFORMAT
    NAME jpga
    DRIVER AGG/JPEG
    IMAGEMODE RGB
END

PROJECTION
  "init=epsg:4326"
END

LAYER
  NAME stateprovinces
  DATA cultural
  STATUS OFF
  TYPE LINE

  CLASS
   COLOR 30 30 30
  END
END

LAYER
  NAME lakes
  DATA cultural
  STATUS OFF
  TYPE POLYGON

  CLASS
    COLOR 60 60 60 
  END
END

LAYER
  NAME rivers
  DATA cultural
  STATUS OFF
  TYPE LINE

  CLASS
    COLOR 60 60 60
  END
END

LAYER
  NAME placenames
  STATUS OFF
  TYPE POINT
  TOLERANCE 5
  TOLERANCEUNITS pixels

  LABELITEM "Name_Town"

  PROJECTION
    "init=epsg:4326"
  END

  CLASS
    STYLE
      COLOR 0 0 0
    END
    STYLE
      COLOR 100 100 100
      SYMBOL "circle"
      SIZE 6
    END
    LABEL
      COLOR  10 10 10
      FONT "arial"
      TYPE truetype
      SIZE 8
      POSITION ur
      OFFSET 3 3
      PARTIALS FALSE
    END
  END
END


LAYER
  NAME world
  DATA cultural
  STATUS OFF
  TYPE LINE

  CLASS
   COLOR 30 30 30
  END
END

LAYER
  NAME locales
  STATUS OFF
  TYPE POINT
  TOLERANCE 5
  TOLERANCEUNITS pixels

  PROJECTION
    "init=epsg:4326"
  END

  CLASS
    NAME "Collection Locales"
    STYLE
      COLOR 0 0 0
    END
    STYLE
      OUTLINECOLOR 255 255 255
      SYMBOL "circle"
      SIZE 8
    END
  END
END 

LAYER
  NAME "grid"
  TYPE LINE
  STATUS OFF

  PROJECTION
    "init=epsg:4326"
  END

  CLASS
    COLOR 200 200 200
     LABEL
      COLOR 30 30 30
      TYPE TRUETYPE
      FONT "arial"
      SIZE 10
      POSITION uc
    END
  END

  GRID
    MAXARCS 10
    MAXINTERVAL 10
    LABELFORMAT "DD"
    MAXSUBDIVIDE 2
  END

END

LAYER
  NAME "northarraw"
  TYPE POINT
  STATUS OFF

  PROJECTION
    "init=epsg:4326"
  END

  CLASS
    STYLE
      SYMBOL "northarrow"
    END
  END

END

#POSSIBLE SOLUTION TO BLANK OUT MARGINS FOR GRATICULE LABELS
#LAYER
# NAME "Margin"
# TRANSFORM FALSE
# STATUS DEFAULT
# TYPE POLYGON
# CLASS
#    COLOR 255 255 255
# END
# FEATURE
#    POINTS 0 0 0 600 70 600 70 0 0 0 END
#    POINTS 70 0 70 70 800 70 800 0 70 0 END
#    POINTS 70 600 800 600 800 530 70 530 70 600 END
#    POINTS 730 70 730 530 800 530 800 70 730 70 END
# END
#END


 
END
